// Jest Snapshot v1, https://goo.gl/fbAQLP

exports[`Header renders without crashing 1`] = `
.c0 {
  display: -webkit-box;
  display: -webkit-flex;
  display: -ms-flexbox;
  display: flex;
  -webkit-flex-direction: column;
  -ms-flex-direction: column;
  flex-direction: column;
  position: fixed;
  top: 0;
  width: 100%;
  background: rgb(2,0,36);
  color: white;
}

.c1 {
  display: -webkit-box;
  display: -webkit-flex;
  display: -ms-flexbox;
  display: flex;
  -webkit-flex-wrap: no-wrap;
  -ms-flex-wrap: no-wrap;
  flex-wrap: no-wrap;
  -webkit-align-items: center;
  -webkit-box-align: center;
  -ms-flex-align: center;
  align-items: center;
  padding: 10px 15px;
}

.c4 {
  display: -webkit-box;
  display: -webkit-flex;
  display: -ms-flexbox;
  display: flex;
  -webkit-box-flex: 1;
  -webkit-flex-grow: 1;
  -ms-flex-positive: 1;
  flex-grow: 1;
  -webkit-box-pack: center;
  -webkit-justify-content: center;
  -ms-flex-pack: center;
  justify-content: center;
}

.c5 {
  width: 100px;
  height: 25px;
}

.c2 {
  border: none;
  padding: 0;
  -webkit-appearance: unset;
  background: none;
  height: 16px;
  width: 20px;
  position: absolute;
  cursor: pointer;
}

.c3 {
  position: absolute;
  width: 20px;
  height: 2px;
  border-radius: 2px;
  background-color: white;
  top: 7px;
}

.c3:before,
.c3:after {
  display: block;
  content: '';
  position: absolute;
  width: 20px;
  height: 2px;
  border-radius: 2px;
  background-color: white;
}

.c3:before {
  top: -6px;
}

.c3:after {
  bottom: -6px;
}

.c6 {
  display: -webkit-box;
  display: -webkit-flex;
  display: -ms-flexbox;
  display: flex;
  overflow: hidden;
  height: 20px;
  -webkit-box-pack: center;
  -webkit-justify-content: center;
  -ms-flex-pack: center;
  justify-content: center;
  font-family: 'Roboto',sans-serif;
  font-size: 14px;
  font-weight: 400;
}

.c7 {
  list-style: none;
  display: -webkit-inline-box;
  display: -webkit-inline-flex;
  display: -ms-inline-flexbox;
  display: inline-flex;
  -webkit-align-items: flex-start;
  -webkit-box-align: flex-start;
  -ms-flex-align: flex-start;
  align-items: flex-start;
  padding: 0 15px;
  margin: 0;
  overflow: auto;
  height: 50px;
}

.c8 {
  white-space: nowrap;
  padding-right: 15px;
  color: white;
}

.c9 {
  color: inherit;
  -webkit-text-decoration: none;
  text-decoration: none;
  display: block;
  padding-bottom: 2px;
  border-bottom: 2px solid white;
}

.c10 {
  color: inherit;
  -webkit-text-decoration: none;
  text-decoration: none;
  display: block;
  padding-bottom: 2px;
}

<header
  className="c0"
>
  <div />
  <section
    className="c1"
  >
    <button
      className="c2"
      onClick={[Function]}
    >
      <div
        className="c3"
      />
    </button>
    <div
      className="c4"
    >
      <img
        alt="Logo"
        className="c5"
        src="marfeel_logo.svg"
      />
    </div>
  </section>
  <nav
    className="c6"
  >
    <ul
      className="c7"
    >
      <li
        className="c8"
      >
        <a
          className="c9"
          href="#1"
        >
          Section 1
        </a>
      </li>
      <li
        className="c8"
      >
        <a
          className="c10"
          href="#2"
        >
          Section 2
        </a>
      </li>
      <li
        className="c8"
      >
        <a
          className="c10"
          href="#3"
        >
          Section 3
        </a>
      </li>
      <li
        className="c8"
      >
        <a
          className="c10"
          href="#4"
        >
          Section 4
        </a>
      </li>
      <li
        className="c8"
      >
        <a
          className="c10"
          href="#5"
        >
          Section 5
        </a>
      </li>
      <li
        className="c8"
      >
        <a
          className="c10"
          href="#6"
        >
          Section 6
        </a>
      </li>
      <li
        className="c8"
      >
        <a
          className="c10"
          href="#7"
        >
          Section 7
        </a>
      </li>
      <li
        className="c8"
      >
        <a
          className="c10"
          href="#8"
        >
          Section 8
        </a>
      </li>
      <li
        className="c8"
      >
        <a
          className="c10"
          href="#9"
        >
          Section 9
        </a>
      </li>
      <li
        className="c8"
      >
        <a
          className="c10"
          href="#10"
        >
          Section 10
        </a>
      </li>
    </ul>
  </nav>
</header>
`;
